let zero = 0
let x = [%obj { age = 30 }]
let y = [%obj { age = 30 }]
let y = [%obj { age = 30; name = {js|steve|js} }]
let y = [%obj { age = 30; name = {js|steve|js} }]
let z =
  [%obj { ÿ = 1; \u2212 = {js|two|js}; \0 = zero; \o123 = {js|o123|js} }]
let x = (("age")[@ns.braces ])
let x = (("age".(0))[@ns.braces ])
let x = (("age" |. Js.log)[@ns.braces ])
let x = ((if "age" then true else false)[@ns.braces ][@ns.ternary ])
let x = (("age" |. Js.log; (let foo = 1 in let bar = 2 in foo + bar))
  [@ns.braces ])
let x =
  ((((if "age" then true else false)
    [@ns.ternary ]);
    (let foo = 1 in let bar = 2 in foo + bar))
  [@ns.braces ])
let x = (("age".(0); (let foo = 1 in let bar = 2 in foo + bar))[@ns.braces ])